plane 64x64 = 4096 words, tile index mask 2047
band heights swept (rows must be a power of two): 1, 2, 4, 8, 16, 32, 64
band widths swept: 1, 2, 3, 4, 6, 8, 12, 16, 24, 32

=== b0e5a661 fixture (the shipped OJZ background)
    tiles 340, bands 2 (32x4, 16x4), animated prefix = slots 0..192
    BAND-AS-BLOCK: 2/2 band(s) drawn as their own column-major slot block at 64 words/row
    w x h |   marquees |   distinct | contiguous | promotable |  colMajor |  rowMajor
     1x 1 |       4096 |    100.00% |    100.00% |     37.50% |    37.50% |    37.50%
     2x 1 |       4032 |     79.51% |     13.22% |     13.22% |    11.95% |    11.95%
     3x 1 |       3968 |     75.91% |      8.44% |      8.44% |     8.11% |     8.11%
     4x 1 |       3904 |     74.49% |      6.66% |      6.66% |     5.94% |     5.94%
     6x 1 |       3776 |     71.93% |      3.36% |      3.36% |     3.18% |     3.18%
     8x 1 |       3648 |     70.86% |      4.30% |      4.30% |     1.75% |     1.75%
    12x 1 |       3392 |     64.18% |      0.88% |      0.88% |     0.83% |     0.83%
    16x 1 |       3136 |     63.58% |      0.57% |      0.57% |     0.57% |     0.57%
    24x 1 |       2624 |     50.69% |      0.69% |      0.69% |     0.08% |     0.08%
    32x 1 |       2112 |     50.00% |      0.00% |      0.00% |     0.00% |     0.00%
     1x 2 |       4032 |     87.90% |     48.16% |      0.45% |     0.45% |     0.45%
     2x 2 |       3969 |     76.37% |      0.00% |      0.00% |     0.00% |     0.00%
     3x 2 |       3906 |     71.53% |      0.00% |      0.00% |     0.00% |     0.00%
     4x 2 |       3843 |     69.74% |      0.00% |      0.00% |     0.00% |     0.00%
     6x 2 |       3717 |     66.34% |      0.00% |      0.00% |     0.00% |     0.00%
     8x 2 |       3591 |     65.75% |      0.00% |      0.00% |     0.00% |     0.00%
    12x 2 |       3339 |     60.62% |      0.00% |      0.00% |     0.00% |     0.00%
    16x 2 |       3087 |     60.32% |      0.00% |      0.00% |     0.00% |     0.00%
    24x 2 |       2583 |     49.21% |      0.00% |      0.00% |     0.00% |     0.00%
    32x 2 |       2079 |     49.21% |      0.00% |      0.00% |     0.00% |     0.00%
     1x 4 |       3904 |     87.50% |     55.84% |      0.00% |     0.00% |     0.00%
     2x 4 |       3843 |     70.65% |     54.59% |      0.00% |     0.00% |     0.00%
     3x 4 |       3782 |     64.46% |     53.41% |      0.00% |     0.00% |     0.00%
     4x 4 |       3721 |     62.64% |     52.19% |      0.00% |     0.00% |     0.00%
     6x 4 |       3599 |     58.71% |     49.62% |      0.00% |     0.00% |     0.00%
     8x 4 |       3477 |     58.41% |     46.88% |      0.00% |     0.00% |     0.00%
    12x 4 |       3233 |     55.74% |     40.77% |      0.00% |     0.00% |     0.00%
    16x 4 |       2989 |     55.74% |     41.18% |      0.00% |     0.00% |     0.00%
    24x 4 |       2501 |     47.54% |     20.87% |      0.00% |     0.00% |     0.00%
    32x 4 |       2013 |     47.54% |     47.54% |      0.00% |     0.00% |     0.00%
     1x 8 |       3648 |     23.46% |      0.00% |      0.00% |     0.00% |     0.00%
     2x 8 |       3591 |      7.49% |      0.00% |      0.00% |     0.00% |     0.00%
     3x 8 |       3534 |      1.13% |      0.00% |      0.00% |     0.00% |     0.00%
     4x 8 |       3477 |      0.98% |      0.00% |      0.00% |     0.00% |     0.00%
     6x 8 |       3363 |      0.48% |      0.00% |      0.00% |     0.00% |     0.00%
     8x 8 |       3249 |      0.37% |      0.00% |      0.00% |     0.00% |     0.00%
    12x 8 |       3021 |      0.00% |      0.00% |      0.00% |     0.00% |     0.00%
    16x 8 |       2793 |      0.00% |      0.00% |      0.00% |     0.00% |     0.00%
    24x 8 |       2337 |      0.00% |      0.00% |      0.00% |     0.00% |     0.00%
    32x 8 |       1881 |      0.00% |      0.00% |      0.00% |     0.00% |     0.00%
     1x16 |       3136 |      2.04% |      0.00% |      0.00% |     0.00% |     0.00%
     2x16 |       3087 |      0.84% |      0.00% |      0.00% |     0.00% |     0.00%
     3x16 |       3038 |      0.00% |      0.00% |      0.00% |     0.00% |     0.00%
     4x16 |       2989 |      0.00% |      0.00% |      0.00% |     0.00% |     0.00%
     6x16 |       2891 |      0.00% |      0.00% |      0.00% |     0.00% |     0.00%
     8x16 |       2793 |      0.00% |      0.00% |      0.00% |     0.00% |     0.00%
    12x16 |       2597 |      0.00% |      0.00% |      0.00% |     0.00% |     0.00%
    16x16 |       2401 |      0.00% |      0.00% |      0.00% |     0.00% |     0.00%
    24x16 |       2009 |      0.00% |      0.00% |      0.00% |     0.00% |     0.00%
    32x16 |       1617 |      0.00% |      0.00% |      0.00% |     0.00% |     0.00%
     1x32 |       2112 |      0.00% |      0.00% |      0.00% |     0.00% |     0.00%
     2x32 |       2079 |      0.00% |      0.00% |      0.00% |     0.00% |     0.00%
     3x32 |       2046 |      0.00% |      0.00% |      0.00% |     0.00% |     0.00%
     4x32 |       2013 |      0.00% |      0.00% |      0.00% |     0.00% |     0.00%
     6x32 |       1947 |      0.00% |      0.00% |      0.00% |     0.00% |     0.00%
     8x32 |       1881 |      0.00% |      0.00% |      0.00% |     0.00% |     0.00%
    12x32 |       1749 |      0.00% |      0.00% |      0.00% |     0.00% |     0.00%
    16x32 |       1617 |      0.00% |      0.00% |      0.00% |     0.00% |     0.00%
    24x32 |       1353 |      0.00% |      0.00% |      0.00% |     0.00% |     0.00%
    32x32 |       1089 |      0.00% |      0.00% |      0.00% |     0.00% |     0.00%
     1x64 |         64 |      0.00% |      0.00% |      0.00% |     0.00% |     0.00%
     2x64 |         63 |      0.00% |      0.00% |      0.00% |     0.00% |     0.00%
     3x64 |         62 |      0.00% |      0.00% |      0.00% |     0.00% |     0.00%
     4x64 |         61 |      0.00% |      0.00% |      0.00% |     0.00% |     0.00%
     6x64 |         59 |      0.00% |      0.00% |      0.00% |     0.00% |     0.00%
     8x64 |         57 |      0.00% |      0.00% |      0.00% |     0.00% |     0.00%
    12x64 |         53 |      0.00% |      0.00% |      0.00% |     0.00% |     0.00%
    16x64 |         49 |      0.00% |      0.00% |      0.00% |     0.00% |     0.00%
    24x64 |         41 |      0.00% |      0.00% |      0.00% |     0.00% |     0.00%
    32x64 |         33 |      0.00% |      0.00% |      0.00% |     0.00% |     0.00%
    TOTAL       177776 |     39.44% |     13.05% |      1.71% |     1.59% |     1.59%

    NEAR-MISS over the 154576 non-contiguous marquees:
           0 hole(s):    38796 (25.10%, cumulative 25.10%)
           1 hole(s):      919 (0.59%, cumulative 25.69%)
           2 hole(s):     3668 (2.37%, cumulative 28.07%)
           3 hole(s):     3506 (2.27%, cumulative 30.33%)
           4 hole(s):     3126 (2.02%, cumulative 32.36%)
           5 hole(s):      808 (0.52%, cumulative 32.88%)
           6 hole(s):     5337 (3.45%, cumulative 36.33%)
           7 hole(s):      827 (0.54%, cumulative 36.87%)
           8+ holes:    97589 (63.13%)
      span / cells  — median 1.8x, p90 7.4x, max 124.0x
      (1.0x would be "contiguous"; a big number means the named indices are scattered across the blob, not a range with a few holes.)

    WHERE the contiguous marquees are (b0e5a661 fixture (the shipped OJZ background)):
      over the ANIMATED prefix (already a band, promotion refuses): 20168  [column-major: 8712]
      over STATIC art (what promotion is for):                     3032  [column-major: 2822]
      1x1 marquees that are promotable (a single tile, not a band shape): 1536
      promotable shapes LARGER than 1x1: 2x1:533 3x1:335 4x1:260 8x1:157 6x1:127 12x1:30 16x1:18 24x1:18 1x2:18
      ... of which MULTI-ROW (h > 1): 1x2:18

=== aeon live document (games/sonic4/data)
    tiles 320, bands 1 (8x4), animated prefix = slots 0..32
    BAND-AS-BLOCK: 0/1 band(s) drawn as their own column-major slot block at 64 words/row
       ^ this document's band slots are SCATTERED through the picture rather than laid out as the block the band's geometry describes.
    w x h |   marquees |   distinct | contiguous | promotable |  colMajor |  rowMajor
     1x 1 |       4096 |    100.00% |    100.00% |     69.63% |    69.63% |    69.63%
     2x 1 |       4032 |     89.34% |     54.56% |     49.01% |    48.71% |    48.71%
     3x 1 |       3968 |     80.92% |     43.25% |     38.61% |    38.61% |    38.61%
     4x 1 |       3904 |     73.34% |     34.53% |     30.84% |    30.84% |    30.84%
     6x 1 |       3776 |     55.75% |     23.31% |     21.19% |    21.19% |    21.19%
     8x 1 |       3648 |     46.44% |     15.90% |     14.80% |    14.80% |    14.80%
    12x 1 |       3392 |     38.89% |      5.42% |      5.42% |     5.42% |     5.42%
    16x 1 |       3136 |     34.38% |     12.50% |     12.50% |     1.02% |     1.02%
    24x 1 |       2624 |      0.00% |      0.00% |      0.00% |     0.00% |     0.00%
    32x 1 |       2112 |      0.00% |      0.00% |      0.00% |     0.00% |     0.00%
     1x 2 |       4032 |     83.93% |      0.10% |      0.00% |     0.00% |     0.00%
     2x 2 |       3969 |     66.59% |      0.00% |      0.00% |     0.00% |     0.00%
     3x 2 |       3906 |     54.12% |      0.00% |      0.00% |     0.00% |     0.00%
     4x 2 |       3843 |     46.11% |      0.00% |      0.00% |     0.00% |     0.00%
     6x 2 |       3717 |     35.19% |      0.00% |      0.00% |     0.00% |     0.00%
     8x 2 |       3591 |     31.75% |      0.00% |      0.00% |     0.00% |     0.00%
    12x 2 |       3339 |     27.82% |      0.00% |      0.00% |     0.00% |     0.00%
    16x 2 |       3087 |     23.81% |      3.17% |      3.17% |     0.00% |     0.26%
    24x 2 |       2583 |      0.00% |      0.00% |      0.00% |     0.00% |     0.00%
    32x 2 |       2079 |      0.00% |      0.00% |      0.00% |     0.00% |     0.00%
     1x 4 |       3904 |     64.86% |      0.00% |      0.00% |     0.00% |     0.00%
     2x 4 |       3843 |     45.51% |      0.00% |      0.00% |     0.00% |     0.00%
     3x 4 |       3782 |     35.88% |      0.00% |      0.00% |     0.00% |     0.00%
     4x 4 |       3721 |     28.06% |      0.00% |      0.00% |     0.00% |     0.00%
     6x 4 |       3599 |     22.51% |      0.00% |      0.00% |     0.00% |     0.00%
     8x 4 |       3477 |     19.73% |      0.00% |      0.00% |     0.00% |     0.00%
    12x 4 |       3233 |     15.22% |      0.00% |      0.00% |     0.00% |     0.00%
    16x 4 |       2989 |      9.84% |      0.00% |      0.00% |     0.00% |     0.00%
    24x 4 |       2501 |      0.00% |      0.00% |      0.00% |     0.00% |     0.00%
    32x 4 |       2013 |      0.00% |      0.00% |      0.00% |     0.00% |     0.00%
     1x 8 |       3648 |     33.55% |      0.00% |      0.00% |     0.00% |     0.00%
     2x 8 |       3591 |     24.03% |      0.00% |      0.00% |     0.00% |     0.00%
     3x 8 |       3534 |     18.96% |      0.00% |      0.00% |     0.00% |     0.00%
     4x 8 |       3477 |     14.38% |      0.00% |      0.00% |     0.00% |     0.00%
     6x 8 |       3363 |     11.36% |      0.00% |      0.00% |     0.00% |     0.00%
     8x 8 |       3249 |      8.80% |      0.00% |      0.00% |     0.00% |     0.00%
    12x 8 |       3021 |      3.67% |      0.00% |      0.00% |     0.00% |     0.00%
    16x 8 |       2793 |      0.00% |      0.00% |      0.00% |     0.00% |     0.00%
    24x 8 |       2337 |      0.00% |      0.00% |      0.00% |     0.00% |     0.00%
    32x 8 |       1881 |      0.00% |      0.00% |      0.00% |     0.00% |     0.00%
     1x16 |       3136 |      0.00% |      0.00% |      0.00% |     0.00% |     0.00%
     2x16 |       3087 |      0.00% |      0.00% |      0.00% |     0.00% |     0.00%
     3x16 |       3038 |      0.00% |      0.00% |      0.00% |     0.00% |     0.00%
     4x16 |       2989 |      0.00% |      0.00% |      0.00% |     0.00% |     0.00%
     6x16 |       2891 |      0.00% |      0.00% |      0.00% |     0.00% |     0.00%
     8x16 |       2793 |      0.00% |      0.00% |      0.00% |     0.00% |     0.00%
    12x16 |       2597 |      0.00% |      0.00% |      0.00% |     0.00% |     0.00%
    16x16 |       2401 |      0.00% |      0.00% |      0.00% |     0.00% |     0.00%
    24x16 |       2009 |      0.00% |      0.00% |      0.00% |     0.00% |     0.00%
    32x16 |       1617 |      0.00% |      0.00% |      0.00% |     0.00% |     0.00%
     1x32 |       2112 |      0.00% |      0.00% |      0.00% |     0.00% |     0.00%
     2x32 |       2079 |      0.00% |      0.00% |      0.00% |     0.00% |     0.00%
     3x32 |       2046 |      0.00% |      0.00% |      0.00% |     0.00% |     0.00%
     4x32 |       2013 |      0.00% |      0.00% |      0.00% |     0.00% |     0.00%
     6x32 |       1947 |      0.00% |      0.00% |      0.00% |     0.00% |     0.00%
     8x32 |       1881 |      0.00% |      0.00% |      0.00% |     0.00% |     0.00%
    12x32 |       1749 |      0.00% |      0.00% |      0.00% |     0.00% |     0.00%
    16x32 |       1617 |      0.00% |      0.00% |      0.00% |     0.00% |     0.00%
    24x32 |       1353 |      0.00% |      0.00% |      0.00% |     0.00% |     0.00%
    32x32 |       1089 |      0.00% |      0.00% |      0.00% |     0.00% |     0.00%
     1x64 |         64 |      0.00% |      0.00% |      0.00% |     0.00% |     0.00%
     2x64 |         63 |      0.00% |      0.00% |      0.00% |     0.00% |     0.00%
     3x64 |         62 |      0.00% |      0.00% |      0.00% |     0.00% |     0.00%
     4x64 |         61 |      0.00% |      0.00% |      0.00% |     0.00% |     0.00%
     6x64 |         59 |      0.00% |      0.00% |      0.00% |     0.00% |     0.00%
     8x64 |         57 |      0.00% |      0.00% |      0.00% |     0.00% |     0.00%
    12x64 |         53 |      0.00% |      0.00% |      0.00% |     0.00% |     0.00%
    16x64 |         49 |      0.00% |      0.00% |      0.00% |     0.00% |     0.00%
    24x64 |         41 |      0.00% |      0.00% |      0.00% |     0.00% |     0.00%
    32x64 |         33 |      0.00% |      0.00% |      0.00% |     0.00% |     0.00%
    TOTAL       177776 |     26.43% |      6.47% |      5.39% |     5.12% |     5.13%

    NEAR-MISS over the 166278 non-contiguous marquees:
           0 hole(s):     5921 (3.56%, cumulative 3.56%)
           1 hole(s):      200 (0.12%, cumulative 3.68%)
           2 hole(s):      468 (0.28%, cumulative 3.96%)
           3 hole(s):      183 (0.11%, cumulative 4.07%)
           4 hole(s):      426 (0.26%, cumulative 4.33%)
           5 hole(s):      348 (0.21%, cumulative 4.54%)
           6 hole(s):      466 (0.28%, cumulative 4.82%)
           7 hole(s):     1133 (0.68%, cumulative 5.50%)
           8+ holes:   157133 (94.50%)
      span / cells  — median 3.6x, p90 15.6x, max 156.5x
      (1.0x would be "contiguous"; a big number means the named indices are scattered across the blob, not a range with a few holes.)

    WHERE the contiguous marquees are (aeon live document (games/sonic4/data)):
      over the ANIMATED prefix (already a band, promotion refuses): 1920  [column-major: 1876]
      over STATIC art (what promotion is for):                     9578  [column-major: 9108]
      1x1 marquees that are promotable (a single tile, not a band shape): 2852
      promotable shapes LARGER than 1x1: 2x1:1976 3x1:1532 4x1:1204 6x1:800 8x1:540 16x1:392 12x1:184 16x2:98
      ... of which MULTI-ROW (h > 1): 16x2:98

=== roomy fixture (no bands, regenerated with headroom)
    tiles 320, bands 0 (none), animated prefix = slots 0..0
    BAND-AS-BLOCK: not applicable (no bands to check against).
    w x h |   marquees |   distinct | contiguous | promotable |  colMajor |  rowMajor
     1x 1 |       4096 |    100.00% |    100.00% |    100.00% |   100.00% |   100.00%
     2x 1 |       4032 |     89.34% |     54.96% |     54.96% |    54.46% |    54.46%
     3x 1 |       3968 |     80.92% |     44.05% |     44.05% |    43.85% |    43.85%
     4x 1 |       3904 |     73.34% |     35.55% |     35.55% |    35.35% |    35.35%
     6x 1 |       3776 |     55.75% |     24.95% |     24.95% |    24.58% |    24.58%
     8x 1 |       3648 |     46.44% |     17.43% |     17.43% |    17.21% |    17.21%
    12x 1 |       3392 |     38.89% |      6.60% |      6.60% |     6.60% |     6.60%
    16x 1 |       3136 |     34.38% |     15.63% |     15.63% |     1.28% |     1.28%
    24x 1 |       2624 |      0.00% |      0.00% |      0.00% |     0.00% |     0.00%
    32x 1 |       2112 |      0.00% |      0.00% |      0.00% |     0.00% |     0.00%
     1x 2 |       4032 |     83.93% |      0.10% |      0.10% |     0.00% |     0.00%
     2x 2 |       3969 |     66.59% |      0.00% |      0.00% |     0.00% |     0.00%
     3x 2 |       3906 |     54.12% |      0.00% |      0.00% |     0.00% |     0.00%
     4x 2 |       3843 |     46.11% |      0.00% |      0.00% |     0.00% |     0.00%
     6x 2 |       3717 |     35.19% |      0.00% |      0.00% |     0.00% |     0.00%
     8x 2 |       3591 |     31.75% |      0.00% |      0.00% |     0.00% |     0.00%
    12x 2 |       3339 |     27.82% |      0.00% |      0.00% |     0.00% |     0.00%
    16x 2 |       3087 |     23.81% |      3.17% |      3.17% |     0.00% |     0.26%
    24x 2 |       2583 |      0.00% |      0.00% |      0.00% |     0.00% |     0.00%
    32x 2 |       2079 |      0.00% |      0.00% |      0.00% |     0.00% |     0.00%
     1x 4 |       3904 |     64.86% |      0.00% |      0.00% |     0.00% |     0.00%
     2x 4 |       3843 |     45.51% |      0.00% |      0.00% |     0.00% |     0.00%
     3x 4 |       3782 |     35.88% |      0.00% |      0.00% |     0.00% |     0.00%
     4x 4 |       3721 |     28.06% |      0.00% |      0.00% |     0.00% |     0.00%
     6x 4 |       3599 |     22.51% |      0.00% |      0.00% |     0.00% |     0.00%
     8x 4 |       3477 |     19.73% |      0.00% |      0.00% |     0.00% |     0.00%
    12x 4 |       3233 |     15.22% |      0.00% |      0.00% |     0.00% |     0.00%
    16x 4 |       2989 |      9.84% |      0.00% |      0.00% |     0.00% |     0.00%
    24x 4 |       2501 |      0.00% |      0.00% |      0.00% |     0.00% |     0.00%
    32x 4 |       2013 |      0.00% |      0.00% |      0.00% |     0.00% |     0.00%
     1x 8 |       3648 |     33.55% |      0.00% |      0.00% |     0.00% |     0.00%
     2x 8 |       3591 |     24.03% |      0.00% |      0.00% |     0.00% |     0.00%
     3x 8 |       3534 |     18.96% |      0.00% |      0.00% |     0.00% |     0.00%
     4x 8 |       3477 |     14.38% |      0.00% |      0.00% |     0.00% |     0.00%
     6x 8 |       3363 |     11.36% |      0.00% |      0.00% |     0.00% |     0.00%
     8x 8 |       3249 |      8.80% |      0.00% |      0.00% |     0.00% |     0.00%
    12x 8 |       3021 |      3.67% |      0.00% |      0.00% |     0.00% |     0.00%
    16x 8 |       2793 |      0.00% |      0.00% |      0.00% |     0.00% |     0.00%
    24x 8 |       2337 |      0.00% |      0.00% |      0.00% |     0.00% |     0.00%
    32x 8 |       1881 |      0.00% |      0.00% |      0.00% |     0.00% |     0.00%
     1x16 |       3136 |      0.00% |      0.00% |      0.00% |     0.00% |     0.00%
     2x16 |       3087 |      0.00% |      0.00% |      0.00% |     0.00% |     0.00%
     3x16 |       3038 |      0.00% |      0.00% |      0.00% |     0.00% |     0.00%
     4x16 |       2989 |      0.00% |      0.00% |      0.00% |     0.00% |     0.00%
     6x16 |       2891 |      0.00% |      0.00% |      0.00% |     0.00% |     0.00%
     8x16 |       2793 |      0.00% |      0.00% |      0.00% |     0.00% |     0.00%
    12x16 |       2597 |      0.00% |      0.00% |      0.00% |     0.00% |     0.00%
    16x16 |       2401 |      0.00% |      0.00% |      0.00% |     0.00% |     0.00%
    24x16 |       2009 |      0.00% |      0.00% |      0.00% |     0.00% |     0.00%
    32x16 |       1617 |      0.00% |      0.00% |      0.00% |     0.00% |     0.00%
     1x32 |       2112 |      0.00% |      0.00% |      0.00% |     0.00% |     0.00%
     2x32 |       2079 |      0.00% |      0.00% |      0.00% |     0.00% |     0.00%
     3x32 |       2046 |      0.00% |      0.00% |      0.00% |     0.00% |     0.00%
     4x32 |       2013 |      0.00% |      0.00% |      0.00% |     0.00% |     0.00%
     6x32 |       1947 |      0.00% |      0.00% |      0.00% |     0.00% |     0.00%
     8x32 |       1881 |      0.00% |      0.00% |      0.00% |     0.00% |     0.00%
    12x32 |       1749 |      0.00% |      0.00% |      0.00% |     0.00% |     0.00%
    16x32 |       1617 |      0.00% |      0.00% |      0.00% |     0.00% |     0.00%
    24x32 |       1353 |      0.00% |      0.00% |      0.00% |     0.00% |     0.00%
    32x32 |       1089 |      0.00% |      0.00% |      0.00% |     0.00% |     0.00%
     1x64 |         64 |      0.00% |      0.00% |      0.00% |     0.00% |     0.00%
     2x64 |         63 |      0.00% |      0.00% |      0.00% |     0.00% |     0.00%
     3x64 |         62 |      0.00% |      0.00% |      0.00% |     0.00% |     0.00%
     4x64 |         61 |      0.00% |      0.00% |      0.00% |     0.00% |     0.00%
     6x64 |         59 |      0.00% |      0.00% |      0.00% |     0.00% |     0.00%
     8x64 |         57 |      0.00% |      0.00% |      0.00% |     0.00% |     0.00%
    12x64 |         53 |      0.00% |      0.00% |      0.00% |     0.00% |     0.00%
    16x64 |         49 |      0.00% |      0.00% |      0.00% |     0.00% |     0.00%
    24x64 |         41 |      0.00% |      0.00% |      0.00% |     0.00% |     0.00%
    32x64 |         33 |      0.00% |      0.00% |      0.00% |     0.00% |     0.00%
    TOTAL       177776 |     26.43% |      6.66% |      6.66% |     6.32% |     6.32%

    NEAR-MISS over the 165934 non-contiguous marquees:
           0 hole(s):     6617 (3.99%, cumulative 3.99%)
           1 hole(s):      206 (0.12%, cumulative 4.11%)
           2 hole(s):       72 (0.04%, cumulative 4.16%)
           3 hole(s):      225 (0.14%, cumulative 4.29%)
           4 hole(s):      532 (0.32%, cumulative 4.61%)
           5 hole(s):      348 (0.21%, cumulative 4.82%)
           6 hole(s):      476 (0.29%, cumulative 5.11%)
           7 hole(s):     1328 (0.80%, cumulative 5.91%)
           8+ holes:   156130 (94.09%)
      span / cells  — median 3.5x, p90 15.4x, max 155.5x
      (1.0x would be "contiguous"; a big number means the named indices are scattered across the blob, not a range with a few holes.)

    WHERE the contiguous marquees are (roomy fixture (no bands, regenerated with headroom)):
      over the ANIMATED prefix (already a band, promotion refuses): 0  [column-major: 0]
      over STATIC art (what promotion is for):                     11842  [column-major: 11232]
      1x1 marquees that are promotable (a single tile, not a band shape): 4096
      promotable shapes LARGER than 1x1: 2x1:2216 3x1:1748 4x1:1388 6x1:942 8x1:636 16x1:490 12x1:224 16x2:98 1x2:4
      ... of which MULTI-ROW (h > 1): 16x2:98 1x2:4

DECODE PROVEN BY: b0e5a661 fixture (the shipped OJZ background)
